../Drivers/CMSIS/Include/core_cm4.h:2064:26:ITM_SendChar	16	static,ignoring_inline_asm
../Core/Src/main.c:71:9:BCD2DEC	16	static
../Core/Src/main.c:75:9:DEC2BCD	16	static
../Core/Src/main.c:79:6:SetTime	32	static
../Core/Src/main.c:91:6:HAL_I2C_MemRxCpltCallback	16	static
../Core/Src/main.c:105:6:GetTime	16	static
../Core/Src/main.c:115:5:main	32	static
../Core/Src/main.c:164:6:SystemClock_Config	88	static
../Core/Src/main.c:211:13:MX_I2C1_Init	8	static
../Core/Src/main.c:245:13:MX_GPIO_Init	48	static
../Core/Src/main.c:272:5:_write	32	static
../Core/Src/main.c:285:6:Error_Handler	4	static,ignoring_inline_asm
